// Jest Snapshot v1, https://goo.gl/fbAQLP

exports[`renders with the default configuration 1`] = `
<ActivityIndicator
  animating={true}
  color="white"
  hidesWhenStopped={true}
  size="large"
  style={
    Object {
      "alignItems": "center",
      "bottom": 0,
      "justifyContent": "center",
      "left": 0,
      "position": "absolute",
      "right": 0,
      "top": 0,
    }
  }
/>
`;
