// Jest Snapshot v1, https://goo.gl/fbAQLP

exports[`renders with the default configuration 1`] = `
<View
  style={
    Object {
      "alignItems": "center",
      "flex": 1,
      "justifyContent": "center",
    }
  }
>
  <Text
    style={
      Object {
        "color": "white",
      }
    }
  >
    ¯\\_(ツ)_/¯
  </Text>
  ;
</View>
`;
